{
  "matched_conditions": {
    "NONE": {
      "honest_completed": 7,
      "honest_total": 7,
      "landed_attacks_stopped": 0,
      "landed_attacks": 32
    },
    "PLAIN_SANDBOX": {
      "honest_completed": 7,
      "honest_total": 7,
      "landed_attacks_stopped": 0,
      "landed_attacks": 32
    },
    "MBA": {
      "honest_completed": 7,
      "honest_total": 7,
      "landed_attacks_stopped": 0,
      "landed_attacks": 32
    },
    "STATIC_LP": {
      "honest_completed": 7,
      "honest_total": 7,
      "landed_attacks_stopped": 11,
      "landed_attacks": 32
    },
    "MCPGATE": {
      "honest_completed": 7,
      "honest_total": 7,
      "landed_attacks_stopped": 32,
      "landed_attacks": 32
    }
  },
  "takeaway": "Every destination- or sandbox-class file baseline lands at PLAIN_SANDBOX (0/32 landed attacks stopped) or STATIC_LP (11/32); EffectSeal prevents 32/32, all at 7/7 honest completion."
}
